172.21.8.91 - - [09/Apr/2016:23:17:13 +0800] "GET /apple-touch-icon-precomposed.png HTTP/1.1" 404 230 "-" "Safari/11601.5.17.1 CFNetwork/760.4.2 Darwin/15.4.0 (x86_64)"
172.21.8.91 - - [09/Apr/2016:23:17:13 +0800] "GET /apple-touch-icon.png HTTP/1.1" 404 218 "-" "Safari/11601.5.17.1 CFNetwork/760.4.2 Darwin/15.4.0 (x86_64)"
google-proxy-66-249-80-28.google.com - - [10/Apr/2016:00:59:11 +0800] "GET /android/ HTTP/1.1" 200 2802 "-" "Mozilla/5.0 (X11; Linux x86_64) AppleWebKit/537.36 (KHTML, like Gecko) Chrome/49.0.2623.75 Safari/537.36 Google Favicon"
google-proxy-66-249-80-28.google.com - - [10/Apr/2016:00:59:12 +0800] "GET /favicon.ico HTTP/1.1" 200 216782 "-" "Mozilla/5.0 (X11; Linux x86_64) AppleWebKit/537.36 (KHTML, like Gecko) Chrome/49.0.2623.75 Safari/537.36 Google Favicon"
74.91.20.195 - - [10/Apr/2016:02:12:16 +0800] "GET / HTTP/1.1" 200 87 "-" "Mozilla/4.0 (compatible; MSIE 8.0; Windows NT 6.1; Trident/4.0; SLCC2; .NET CLR 2.0.50727; .NET CLR 3.5.30729; .NET CLR 3.0.30729; Media Center PC 6.0)"
203.133.176.49 - - [10/Apr/2016:02:29:36 +0800] "GET /robots.txt HTTP/1.1" 200 677 "-" "Mozilla/5.0 (compatible; MSIE or Firefox mutant;) Daum 4.1"
dhcp-077-249-186-213.chello.nl - - [10/Apr/2016:02:54:13 +0800] "GET /ftp/sde/ HTTP/1.1" 200 1270 "http://stackoverflow.com/questions/14594290/is-there-a-python-module-to-solve-integrate-a-system-of-stochastic-differential" "Mozilla/5.0 (Macintosh; Intel Mac OS X 10_11_3) AppleWebKit/601.4.4 (KHTML, like Gecko) Version/9.0.3 Safari/601.4.4"
dhcp-077-249-186-213.chello.nl - - [10/Apr/2016:02:54:14 +0800] "GET /favicon.ico HTTP/1.1" 200 216782 "http://diffusion.cgu.edu.tw/ftp/sde/" "Mozilla/5.0 (Macintosh; Intel Mac OS X 10_11_3) AppleWebKit/601.4.4 (KHTML, like Gecko) Version/9.0.3 Safari/601.4.4"
dhcp-077-249-186-213.chello.nl - - [10/Apr/2016:02:54:22 +0800] "GET /ftp/sde/demo.py HTTP/1.1" 200 2298 "http://diffusion.cgu.edu.tw/ftp/sde/" "Mozilla/5.0 (Macintosh; Intel Mac OS X 10_11_3) AppleWebKit/601.4.4 (KHTML, like Gecko) Version/9.0.3 Safari/601.4.4"
dhcp-077-249-186-213.chello.nl - - [10/Apr/2016:02:54:53 +0800] "GET /ftp/sde/sde.py HTTP/1.1" 200 21854 "http://diffusion.cgu.edu.tw/ftp/sde/" "Mozilla/5.0 (Macintosh; Intel Mac OS X 10_11_3) AppleWebKit/601.4.4 (KHTML, like Gecko) Version/9.0.3 Safari/601.4.4"
sogouspider-123-126-113-82.crawl.sogou.com - - [10/Apr/2016:03:38:48 +0800] "GET /robots.txt HTTP/1.1" 200 677 "-" "Sogou web spider/4.0(+http://www.sogou.com/docs/help/webmasters.htm#07)"
sogouspider-123-126-113-82.crawl.sogou.com - - [10/Apr/2016:03:39:59 +0800] "GET /robots.txt HTTP/1.1" 200 677 "-" "Sogou web spider/4.0(+http://www.sogou.com/docs/help/webmasters.htm#07)"
msnbot-40-77-167-36.search.msn.com - - [10/Apr/2016:04:25:15 +0800] "GET /robots.txt HTTP/1.1" 200 677 "-" "Mozilla/5.0 (compatible; bingbot/2.0; +http://www.bing.com/bingbot.htm)"
odomet.creditsurplus.com - - [10/Apr/2016:05:05:09 +0800] "GET / HTTP/1.1" 200 87 "-" "Mozilla/4.0 (compatible; MSIE 8.0; Windows NT 6.1; Trident/4.0; SLCC2; .NET CLR 2.0.50727; .NET CLR 3.5.30729; .NET CLR 3.0.30729; Media Center PC 6.0)"
95-28-74-115.broadband.corbina.ru - - [10/Apr/2016:09:12:21 +0800] "GET / HTTP/1.1" 200 87 "http://yandex.ru/clck/jsredir?from=yandex.ru%3Bsearch%3Bweb%3B%3B&text=&etext=1019.j3yRJWhUDJRdUi7haVUBq9nRP_L7k5ucmQEooCMoXd7htvdWGoeJ5mZP6ZnpsZhR.f2aeda45f5ca8f1ae24de1d642d6dccba783ee48&uuid=&state=AiuY0DBWFJ4ePaEse6rgeAjgs2pI3DW9J0KiE5XNXd0dp0ZMwFHoviUoYa6nzP7MSi3gOS8hVmIptxnORi2escxAo2pwUkeueAUqVF3rcUwbLk32noHvoOq9sS6hUTqSQVpR1dA6BFJX5OtihwU7QwxO1i0-0FwYIJWr_FWDdkjgm1HXzADSonOWdx6g9fWVkOlIs0QZxwH1d8_UDCYV0w&data=UlNrNmk5WktYejR0eWJFYk1LdmtxbC1DMFRXdW1tMk1oN3NUWTJ5SDNrcE9aNVVZRUQ0UmJ0R2RXZEJod3duMVNHUWRwd2VFS01uTVh3OWZsek5HYjlFZFQycXhhTlVtMTd0WnhISnZ5aWM&b64e=2&sign=fa8fbd11c5b956fe6b4cd04b2d99cb42&keyno=0&l10n=ru&cts=1460247661901&mc=5.55116760444" "Mozilla/5.0 (compatible; MSIE 10.0; Windows NT 6.2; WOW64; Trident/6.0; MANM)"
95-28-74-115.broadband.corbina.ru - - [10/Apr/2016:09:12:23 +0800] "GET /ajax/index.html HTTP/1.1" 200 15639 "-" "Mozilla/5.0 (compatible; MSIE 10.0; Windows NT 6.2; WOW64; Trident/6.0; MANM)"
95-28-74-115.broadband.corbina.ru - - [10/Apr/2016:09:12:24 +0800] "GET /ajax/js/MathJax/MathJax.js?config=TeX-AMS_HTML HTTP/1.1" 403 228 "http://diffusion.cgu.edu.tw/ajax/index.html" "Mozilla/5.0 (compatible; MSIE 10.0; Windows NT 6.2; WOW64; Trident/6.0; MANM)"
95-28-74-115.broadband.corbina.ru - - [10/Apr/2016:09:12:24 +0800] "GET /ajax/js/google-code-prettify/prettify.css HTTP/1.1" 200 1570 "http://diffusion.cgu.edu.tw/ajax/index.html" "Mozilla/5.0 (compatible; MSIE 10.0; Windows NT 6.2; WOW64; Trident/6.0; MANM)"
95-28-74-115.broadband.corbina.ru - - [10/Apr/2016:09:12:24 +0800] "GET /ajax/js/jQuery/jquery.js HTTP/1.1" 200 120763 "http://diffusion.cgu.edu.tw/ajax/index.html" "Mozilla/5.0 (compatible; MSIE 10.0; Windows NT 6.2; WOW64; Trident/6.0; MANM)"
95-28-74-115.broadband.corbina.ru - - [10/Apr/2016:09:12:24 +0800] "GET /ajax/js/google-code-prettify/prettify.js HTTP/1.1" 200 55889 "http://diffusion.cgu.edu.tw/ajax/index.html" "Mozilla/5.0 (compatible; MSIE 10.0; Windows NT 6.2; WOW64; Trident/6.0; MANM)"
123.59.59.52 - - [10/Apr/2016:09:13:36 +0800] "GET http://www.mafengwo.cn/ HTTP/1.1" 200 87 "-" "Mozilla/5.0 (Windows NT 6.1; WOW64; rv:29.0) Gecko/20100101 Firefox/29.0"
123.59.59.52 - - [10/Apr/2016:09:13:36 +0800] "GET http://diffusion.cgu.edu.tw/ajax/index.html HTTP/1.1" 200 15639 "-" "Mozilla/5.0 (Windows NT 6.1; WOW64; rv:29.0) Gecko/20100101 Firefox/29.0"
ip-176-77-36-72.bb.netbynet.ru - - [10/Apr/2016:10:47:05 +0800] "GET / HTTP/1.1" 200 87 "http://yandex.ru/clck/jsredir?from=yandex.ru%3Bsearch%3Bweb%3B%3B&text=&etext=1020.9JStK52jUiiCiKFioZRSRozna827l1kIudbQeSMdUXRXQ-QwTgHxgY3SjMZcSo9F.fc0d786337de462f2d2b9df056a90314ebd61f4a&uuid=&state=AiuY0DBWFJ4ePaEse6rgeAjgs2pI3DW9J0KiE5XNXd0dp0ZMwFHoviUoYa6nzP7MSi3gOS8hVmJQYO0FhhQL_tDiM9b99OisWEiqsIexqO24MXUAOkF2okkMPHcWpmSHY_Z7FI0pp7DB-5faGkDlqLz_7C47jCqFFQBUFRn3DMyVxVfMwluwgTsopXZZm3V4tsq-NOU2ZmxWWgeXMabkow&data=UlNrNmk5WktYejR0eWJFYk1LdmtxbC1DMFRXdW1tMk1oN3NUWTJ5SDNrcE9aNVVZRUQ0UmJ0R2RXZEJod3duMWYtYnRPYXpHTFFKd0NPT3YwbmRST2g3OFV1MGh0Y3ptVFRBRENQcVFkd3c&b64e=2&sign=32e9ab288bd411713977fc1e49b40d2a&keyno=0&l10n=ru&cts=1460256363193&mc=3.60614215248" "Mozilla/5.0 (Windows NT 6.2; WOW64) AppleWebKit/537.36 (KHTML, like Gecko) Chrome/28.0.1500.74 Safari/537.36 MRCHROME"
ip-176-77-36-72.bb.netbynet.ru - - [10/Apr/2016:10:47:08 +0800] "GET /ajax/index.html HTTP/1.1" 200 15639 "-" "Mozilla/5.0 (Windows NT 6.2; WOW64) AppleWebKit/537.36 (KHTML, like Gecko) Chrome/28.0.1500.74 Safari/537.36 MRCHROME"
ip-176-77-36-72.bb.netbynet.ru - - [10/Apr/2016:10:47:12 +0800] "GET /ajax/js/MathJax/MathJax.js?config=TeX-AMS_HTML HTTP/1.1" 403 228 "http://diffusion.cgu.edu.tw/ajax/index.html" "Mozilla/5.0 (Windows NT 6.2; WOW64) AppleWebKit/537.36 (KHTML, like Gecko) Chrome/28.0.1500.74 Safari/537.36 MRCHROME"
ip-176-77-36-72.bb.netbynet.ru - - [10/Apr/2016:10:47:12 +0800] "GET /ajax/js/google-code-prettify/prettify.css HTTP/1.1" 200 1570 "http://diffusion.cgu.edu.tw/ajax/index.html" "Mozilla/5.0 (Windows NT 6.2; WOW64) AppleWebKit/537.36 (KHTML, like Gecko) Chrome/28.0.1500.74 Safari/537.36 MRCHROME"
ip-176-77-36-72.bb.netbynet.ru - - [10/Apr/2016:10:47:13 +0800] "GET /ajax/images/title1.gif HTTP/1.1" 200 1594 "http://diffusion.cgu.edu.tw/ajax/index.html" "Mozilla/5.0 (Windows NT 6.2; WOW64) AppleWebKit/537.36 (KHTML, like Gecko) Chrome/28.0.1500.74 Safari/537.36 MRCHROME"
ip-176-77-36-72.bb.netbynet.ru - - [10/Apr/2016:10:47:13 +0800] "GET /ajax/images/sage.png HTTP/1.1" 200 5382 "http://diffusion.cgu.edu.tw/ajax/index.html" "Mozilla/5.0 (Windows NT 6.2; WOW64) AppleWebKit/537.36 (KHTML, like Gecko) Chrome/28.0.1500.74 Safari/537.36 MRCHROME"
ip-176-77-36-72.bb.netbynet.ru - - [10/Apr/2016:10:47:11 +0800] "GET /ajax/js/jQuery/jquery.js HTTP/1.1" 200 120763 "http://diffusion.cgu.edu.tw/ajax/index.html" "Mozilla/5.0 (Windows NT 6.2; WOW64) AppleWebKit/537.36 (KHTML, like Gecko) Chrome/28.0.1500.74 Safari/537.36 MRCHROME"
ip-176-77-36-72.bb.netbynet.ru - - [10/Apr/2016:10:47:13 +0800] "GET /ajax/js/google-code-prettify/prettify.js HTTP/1.1" 200 55889 "http://diffusion.cgu.edu.tw/ajax/index.html" "Mozilla/5.0 (Windows NT 6.2; WOW64) AppleWebKit/537.36 (KHTML, like Gecko) Chrome/28.0.1500.74 Safari/537.36 MRCHROME"
ip-176-77-36-72.bb.netbynet.ru - - [10/Apr/2016:10:47:13 +0800] "GET /ajax/images/wmi.gif HTTP/1.1" 200 560314 "http://diffusion.cgu.edu.tw/ajax/index.html" "Mozilla/5.0 (Windows NT 6.2; WOW64) AppleWebKit/537.36 (KHTML, like Gecko) Chrome/28.0.1500.74 Safari/537.36 MRCHROME"
ip-176-77-36-72.bb.netbynet.ru - - [10/Apr/2016:10:47:18 +0800] "GET /ajax/images/2-0.png HTTP/1.1" 200 2394 "http://diffusion.cgu.edu.tw/ajax/index.html" "Mozilla/5.0 (Windows NT 6.2; WOW64) AppleWebKit/537.36 (KHTML, like Gecko) Chrome/28.0.1500.74 Safari/537.36 MRCHROME"
ip-176-77-36-72.bb.netbynet.ru - - [10/Apr/2016:10:47:18 +0800] "GET /ajax/images/2-7.png HTTP/1.1" 200 1668 "http://diffusion.cgu.edu.tw/ajax/index.html" "Mozilla/5.0 (Windows NT 6.2; WOW64) AppleWebKit/537.36 (KHTML, like Gecko) Chrome/28.0.1500.74 Safari/537.36 MRCHROME"
ip-176-77-36-72.bb.netbynet.ru - - [10/Apr/2016:10:47:18 +0800] "GET /ajax/images/2-1.png HTTP/1.1" 200 8154 "http://diffusion.cgu.edu.tw/ajax/index.html" "Mozilla/5.0 (Windows NT 6.2; WOW64) AppleWebKit/537.36 (KHTML, like Gecko) Chrome/28.0.1500.74 Safari/537.36 MRCHROME"
ip-176-77-36-72.bb.netbynet.ru - - [10/Apr/2016:10:47:18 +0800] "GET /ajax/images/2-4.png HTTP/1.1" 200 7126 "http://diffusion.cgu.edu.tw/ajax/index.html" "Mozilla/5.0 (Windows NT 6.2; WOW64) AppleWebKit/537.36 (KHTML, like Gecko) Chrome/28.0.1500.74 Safari/537.36 MRCHROME"
ip-176-77-36-72.bb.netbynet.ru - - [10/Apr/2016:10:47:18 +0800] "GET /ajax/images/2-3.png HTTP/1.1" 200 7840 "http://diffusion.cgu.edu.tw/ajax/index.html" "Mozilla/5.0 (Windows NT 6.2; WOW64) AppleWebKit/537.36 (KHTML, like Gecko) Chrome/28.0.1500.74 Safari/537.36 MRCHROME"
ip-176-77-36-72.bb.netbynet.ru - - [10/Apr/2016:10:47:18 +0800] "GET /ajax/images/2-5.png HTTP/1.1" 200 8701 "http://diffusion.cgu.edu.tw/ajax/index.html" "Mozilla/5.0 (Windows NT 6.2; WOW64) AppleWebKit/537.36 (KHTML, like Gecko) Chrome/28.0.1500.74 Safari/537.36 MRCHROME"
ip-176-77-36-72.bb.netbynet.ru - - [10/Apr/2016:10:47:18 +0800] "GET /ajax/images/2-6.png HTTP/1.1" 200 7503 "http://diffusion.cgu.edu.tw/ajax/index.html" "Mozilla/5.0 (Windows NT 6.2; WOW64) AppleWebKit/537.36 (KHTML, like Gecko) Chrome/28.0.1500.74 Safari/537.36 MRCHROME"
ip-176-77-36-72.bb.netbynet.ru - - [10/Apr/2016:10:47:18 +0800] "GET /ajax/images/2-2.png HTTP/1.1" 200 8691 "http://diffusion.cgu.edu.tw/ajax/index.html" "Mozilla/5.0 (Windows NT 6.2; WOW64) AppleWebKit/537.36 (KHTML, like Gecko) Chrome/28.0.1500.74 Safari/537.36 MRCHROME"
ip-176-77-36-72.bb.netbynet.ru - - [10/Apr/2016:10:47:18 +0800] "GET /ajax/images/ediffusion.png HTTP/1.1" 200 28026 "http://diffusion.cgu.edu.tw/ajax/index.html" "Mozilla/5.0 (Windows NT 6.2; WOW64) AppleWebKit/537.36 (KHTML, like Gecko) Chrome/28.0.1500.74 Safari/537.36 MRCHROME"
mar92-38.kek.jp - - [10/Apr/2016:11:31:45 +0800] "GET /SS2014/index.html HTTP/1.1" 200 31146 "-" "Mozilla/5.0 (Macintosh; Intel Mac OS X 10_10_1) AppleWebKit/600.1.25 (KHTML, like Gecko) Version/8.0 Safari/600.1.25"
mar92-38.kek.jp - - [10/Apr/2016:11:31:45 +0800] "GET /favicon.ico HTTP/1.1" 200 216782 "http://diffusion.cgu.edu.tw/SS2014/index.html" "Mozilla/5.0 (Macintosh; Intel Mac OS X 10_10_1) AppleWebKit/600.1.25 (KHTML, like Gecko) Version/8.0 Safari/600.1.25"
mar92-38.kek.jp - - [10/Apr/2016:11:31:46 +0800] "GET /apple-touch-icon-precomposed.png HTTP/1.1" 404 230 "-" "com.apple.WebKit.WebContent/10600.1.25 CFNetwork/720.1.1 Darwin/14.0.0 (x86_64)"
mar92-38.kek.jp - - [10/Apr/2016:11:31:47 +0800] "GET /apple-touch-icon.png HTTP/1.1" 404 218 "-" "com.apple.WebKit.WebContent/10600.1.25 CFNetwork/720.1.1 Darwin/14.0.0 (x86_64)"
host-176-40-165-57.reverse.superonline.net - - [10/Apr/2016:11:33:54 +0800] "GET /ftp/porteus/32bit/modules/AdobeReader9.xzm HTTP/1.1" 200 54771712 "-" "Mozilla/5.0 (Windows NT 10.0; WOW64) AppleWebKit/537.36 (KHTML, like Gecko) Chrome/49.0.2623.110 Safari/537.36"
112.21.166.47 - - [10/Apr/2016:12:40:36 +0800] "GET /wmi HTTP/1.1" 301 240 "-" "Mozilla/5.0 (Linux; U; Android 4.0.4; zh-cn; HTC Desire S Build/IMM76D) AppleWebKit/534.30 (KHTML, like Gecko) Version/4.0 Mobile Safari/534.30"
112.21.166.35 - - [10/Apr/2016:12:40:36 +0800] "GET /wmi/ HTTP/1.1" 200 306 "-" "Mozilla/5.0 (Linux; U; Android 4.0.4; zh-cn; HTC Desire S Build/IMM76D) AppleWebKit/534.30 (KHTML, like Gecko) Version/4.0 Mobile Safari/534.30"
112.21.166.43 - - [10/Apr/2016:12:40:37 +0800] "GET /wmi/webroot/ HTTP/1.1" 200 605 "http://diffusion.cgu.edu.tw/wmi/" "Mozilla/5.0 (Linux; U; Android 4.0.4; zh-cn; HTC Desire S Build/IMM76D) AppleWebKit/534.30 (KHTML, like Gecko) Version/4.0 Mobile Safari/534.30"
112.21.166.60 - - [10/Apr/2016:12:40:45 +0800] "GET /wmi/webroot/index1.php? HTTP/1.1" 200 5825 "http://diffusion.cgu.edu.tw/wmi/webroot/" "Mozilla/5.0 (Linux; U; Android 4.0.4; zh-cn; HTC Desire S Build/IMM76D) AppleWebKit/534.30 (KHTML, like Gecko) Version/4.0 Mobile Safari/534.30"
112.21.166.35 - - [10/Apr/2016:12:40:48 +0800] "GET /wmi/webroot/css/calc1.css HTTP/1.1" 200 1296 "http://diffusion.cgu.edu.tw/wmi/webroot/index1.php?" "Mozilla/5.0 (Linux; U; Android 4.0.4; zh-cn; HTC Desire S Build/IMM76D) AppleWebKit/534.30 (KHTML, like Gecko) Version/4.0 Mobile Safari/534.30"
112.21.166.35 - - [10/Apr/2016:12:40:48 +0800] "GET /wmi/webroot/js/calc.js HTTP/1.1" 200 36058 "http://diffusion.cgu.edu.tw/wmi/webroot/index1.php?" "Mozilla/5.0 (Linux; U; Android 4.0.4; zh-cn; HTC Desire S Build/IMM76D) AppleWebKit/534.30 (KHTML, like Gecko) Version/4.0 Mobile Safari/534.30"
112.21.166.44 - - [10/Apr/2016:12:40:48 +0800] "GET /wmi/webroot/js/wmiutils.js HTTP/1.1" 200 6928 "http://diffusion.cgu.edu.tw/wmi/webroot/index1.php?" "Mozilla/5.0 (Linux; U; Android 4.0.4; zh-cn; HTC Desire S Build/IMM76D) AppleWebKit/534.30 (KHTML, like Gecko) Version/4.0 Mobile Safari/534.30"
112.21.166.75 - - [10/Apr/2016:12:40:48 +0800] "GET /wmi/webroot/js/ajax.js HTTP/1.1" 200 20794 "http://diffusion.cgu.edu.tw/wmi/webroot/index1.php?" "Mozilla/5.0 (Linux; U; Android 4.0.4; zh-cn; HTC Desire S Build/IMM76D) AppleWebKit/534.30 (KHTML, like Gecko) Version/4.0 Mobile Safari/534.30"
112.21.166.68 - - [10/Apr/2016:12:40:48 +0800] "GET /wmi/webroot/css/users1.css HTTP/1.1" 200 2641 "http://diffusion.cgu.edu.tw/wmi/webroot/index1.php?" "Mozilla/5.0 (Linux; U; Android 4.0.4; zh-cn; HTC Desire S Build/IMM76D) AppleWebKit/534.30 (KHTML, like Gecko) Version/4.0 Mobile Safari/534.30"
112.21.166.83 - - [10/Apr/2016:12:40:49 +0800] "GET /wmi/webroot/image/spiral.png HTTP/1.1" 200 961 "http://diffusion.cgu.edu.tw/wmi/webroot/index1.php?" "Mozilla/5.0 (Linux; U; Android 4.0.4; zh-cn; HTC Desire S Build/IMM76D) AppleWebKit/534.30 (KHTML, like Gecko) Version/4.0 Mobile Safari/534.30"
112.21.166.40 - - [10/Apr/2016:12:40:49 +0800] "GET /wmi/webroot/icon/stock_print-preview.gif HTTP/1.1" 200 1251 "http://diffusion.cgu.edu.tw/wmi/webroot/index1.php?" "Mozilla/5.0 (Linux; U; Android 4.0.4; zh-cn; HTC Desire S Build/IMM76D) AppleWebKit/534.30 (KHTML, like Gecko) Version/4.0 Mobile Safari/534.30"
112.21.166.52 - - [10/Apr/2016:12:40:49 +0800] "GET /wmi/webroot/icon/stock_save.gif HTTP/1.1" 200 1221 "http://diffusion.cgu.edu.tw/wmi/webroot/index1.php?" "Mozilla/5.0 (Linux; U; Android 4.0.4; zh-cn; HTC Desire S Build/IMM76D) AppleWebKit/534.30 (KHTML, like Gecko) Version/4.0 Mobile Safari/534.30"
112.21.166.56 - - [10/Apr/2016:12:40:49 +0800] "GET /wmi/webroot/icon/view-refresh.png HTTP/1.1" 200 1722 "http://diffusion.cgu.edu.tw/wmi/webroot/index1.php?" "Mozilla/5.0 (Linux; U; Android 4.0.4; zh-cn; HTC Desire S Build/IMM76D) AppleWebKit/534.30 (KHTML, like Gecko) Version/4.0 Mobile Safari/534.30"
112.21.166.54 - - [10/Apr/2016:12:40:49 +0800] "GET /wmi/webroot/icon/stock_book_green.png HTTP/1.1" 200 1228 "http://diffusion.cgu.edu.tw/wmi/webroot/index1.php?" "Mozilla/5.0 (Linux; U; Android 4.0.4; zh-cn; HTC Desire S Build/IMM76D) AppleWebKit/534.30 (KHTML, like Gecko) Version/4.0 Mobile Safari/534.30"
112.21.166.54 - - [10/Apr/2016:12:40:49 +0800] "GET /wmi/webroot/icon/paypal.gif HTTP/1.1" 200 1866 "http://diffusion.cgu.edu.tw/wmi/webroot/index1.php?" "Mozilla/5.0 (Linux; U; Android 4.0.4; zh-cn; HTC Desire S Build/IMM76D) AppleWebKit/534.30 (KHTML, like Gecko) Version/4.0 Mobile Safari/534.30"
112.21.166.37 - - [10/Apr/2016:12:40:49 +0800] "GET /wmi/webroot/image/tlbbq.png HTTP/1.1" 200 38034 "http://diffusion.cgu.edu.tw/wmi/webroot/index1.php?" "Mozilla/5.0 (Linux; U; Android 4.0.4; zh-cn; HTC Desire S Build/IMM76D) AppleWebKit/534.30 (KHTML, like Gecko) Version/4.0 Mobile Safari/534.30"
112.21.166.67 - - [10/Apr/2016:12:40:49 +0800] "GET /wmi/webroot/icon/stock_new.gif HTTP/1.1" 200 730 "http://diffusion.cgu.edu.tw/wmi/webroot/index1.php?" "Mozilla/5.0 (Linux; U; Android 4.0.4; zh-cn; HTC Desire S Build/IMM76D) AppleWebKit/534.30 (KHTML, like Gecko) Version/4.0 Mobile Safari/534.30"
112.21.166.9 - - [10/Apr/2016:12:40:50 +0800] "POST /wmi/webroot/main.php HTTP/1.1" 200 62 "http://diffusion.cgu.edu.tw/wmi/webroot/index1.php?" "Mozilla/5.0 (Linux; U; Android 4.0.4; zh-cn; HTC Desire S Build/IMM76D) AppleWebKit/534.30 (KHTML, like Gecko) Version/4.0 Mobile Safari/534.30"
ip6-localhost - - [10/Apr/2016:12:40:52 +0800] "GET / HTTP/1.0" 200 87 "-" "Apache/2.2.3 (Unix) DAV/2 PHP/5.3.6 (internal dummy connection)"
ip6-localhost - - [10/Apr/2016:12:40:53 +0800] "GET / HTTP/1.0" 200 87 "-" "Apache/2.2.3 (Unix) DAV/2 PHP/5.3.6 (internal dummy connection)"
112.21.166.9 - - [10/Apr/2016:12:40:54 +0800] "POST /wmi/webroot/main.php HTTP/1.1" 200 45 "http://diffusion.cgu.edu.tw/wmi/webroot/index1.php?" "Mozilla/5.0 (Linux; U; Android 4.0.4; zh-cn; HTC Desire S Build/IMM76D) AppleWebKit/534.30 (KHTML, like Gecko) Version/4.0 Mobile Safari/534.30"
ip6-localhost - - [10/Apr/2016:12:40:55 +0800] "GET / HTTP/1.0" 200 87 "-" "Apache/2.2.3 (Unix) DAV/2 PHP/5.3.6 (internal dummy connection)"
112.21.166.9 - - [10/Apr/2016:12:40:56 +0800] "POST /wmi/webroot/main.php HTTP/1.1" 200 767 "http://diffusion.cgu.edu.tw/wmi/webroot/index1.php?" "Mozilla/5.0 (Linux; U; Android 4.0.4; zh-cn; HTC Desire S Build/IMM76D) AppleWebKit/534.30 (KHTML, like Gecko) Version/4.0 Mobile Safari/534.30"
112.21.166.9 - - [10/Apr/2016:12:40:58 +0800] "POST /wmi/webroot/main.php HTTP/1.1" 200 505 "http://diffusion.cgu.edu.tw/wmi/webroot/index1.php?" "Mozilla/5.0 (Linux; U; Android 4.0.4; zh-cn; HTC Desire S Build/IMM76D) AppleWebKit/534.30 (KHTML, like Gecko) Version/4.0 Mobile Safari/534.30"
112.21.166.9 - - [10/Apr/2016:12:41:00 +0800] "POST /wmi/webroot/main.php HTTP/1.1" 200 4574 "http://diffusion.cgu.edu.tw/wmi/webroot/index1.php?" "Mozilla/5.0 (Linux; U; Android 4.0.4; zh-cn; HTC Desire S Build/IMM76D) AppleWebKit/534.30 (KHTML, like Gecko) Version/4.0 Mobile Safari/534.30"
112.21.166.47 - - [10/Apr/2016:12:41:00 +0800] "GET /wmi/webroot/button/funpl.png HTTP/1.1" 200 1338 "http://diffusion.cgu.edu.tw/wmi/webroot/index1.php?" "Mozilla/5.0 (Linux; U; Android 4.0.4; zh-cn; HTC Desire S Build/IMM76D) AppleWebKit/534.30 (KHTML, like Gecko) Version/4.0 Mobile Safari/534.30"
112.21.166.45 - - [10/Apr/2016:12:41:00 +0800] "GET /wmi/webroot/button/cubroot.gif HTTP/1.1" 200 662 "http://diffusion.cgu.edu.tw/wmi/webroot/index1.php?" "Mozilla/5.0 (Linux; U; Android 4.0.4; zh-cn; HTC Desire S Build/IMM76D) AppleWebKit/534.30 (KHTML, like Gecko) Version/4.0 Mobile Safari/534.30"
112.21.166.60 - - [10/Apr/2016:12:41:01 +0800] "GET /wmi/webroot/button/secondary.png HTTP/1.1" 200 3947 "http://diffusion.cgu.edu.tw/wmi/webroot/index1.php?" "Mozilla/5.0 (Linux; U; Android 4.0.4; zh-cn; HTC Desire S Build/IMM76D) AppleWebKit/534.30 (KHTML, like Gecko) Version/4.0 Mobile Safari/534.30"
112.21.166.67 - - [10/Apr/2016:12:41:01 +0800] "GET /wmi/webroot/button/calculus.png HTTP/1.1" 200 3859 "http://diffusion.cgu.edu.tw/wmi/webroot/index1.php?" "Mozilla/5.0 (Linux; U; Android 4.0.4; zh-cn; HTC Desire S Build/IMM76D) AppleWebKit/534.30 (KHTML, like Gecko) Version/4.0 Mobile Safari/534.30"
112.21.166.83 - - [10/Apr/2016:12:41:01 +0800] "GET /wmi/webroot/button/elementary.png HTTP/1.1" 200 4440 "http://diffusion.cgu.edu.tw/wmi/webroot/index1.php?" "Mozilla/5.0 (Linux; U; Android 4.0.4; zh-cn; HTC Desire S Build/IMM76D) AppleWebKit/534.30 (KHTML, like Gecko) Version/4.0 Mobile Safari/534.30"
112.21.166.52 - - [10/Apr/2016:12:41:01 +0800] "GET /wmi/webroot/button/4dcube-small.gif HTTP/1.1" 200 20617 "http://diffusion.cgu.edu.tw/wmi/webroot/index1.php?" "Mozilla/5.0 (Linux; U; Android 4.0.4; zh-cn; HTC Desire S Build/IMM76D) AppleWebKit/534.30 (KHTML, like Gecko) Version/4.0 Mobile Safari/534.30"
112.21.166.67 - - [10/Apr/2016:12:41:01 +0800] "GET /wmi/webroot/button/lakat2_pici.jpg HTTP/1.1" 200 1028 "http://diffusion.cgu.edu.tw/wmi/webroot/index1.php?" "Mozilla/5.0 (Linux; U; Android 4.0.4; zh-cn; HTC Desire S Build/IMM76D) AppleWebKit/534.30 (KHTML, like Gecko) Version/4.0 Mobile Safari/534.30"
112.21.166.34 - - [10/Apr/2016:12:41:01 +0800] "GET /wmi/webroot/button/ratsimp.png HTTP/1.1" 200 726 "http://diffusion.cgu.edu.tw/wmi/webroot/index1.php?" "Mozilla/5.0 (Linux; U; Android 4.0.4; zh-cn; HTC Desire S Build/IMM76D) AppleWebKit/534.30 (KHTML, like Gecko) Version/4.0 Mobile Safari/534.30"
112.21.166.64 - - [10/Apr/2016:12:41:01 +0800] "GET /wmi/webroot/button/de.gif HTTP/1.1" 200 162 "http://diffusion.cgu.edu.tw/wmi/webroot/index1.php?" "Mozilla/5.0 (Linux; U; Android 4.0.4; zh-cn; HTC Desire S Build/IMM76D) AppleWebKit/534.30 (KHTML, like Gecko) Version/4.0 Mobile Safari/534.30"
112.21.166.48 - - [10/Apr/2016:12:41:01 +0800] "GET /wmi/webroot/button/en.gif HTTP/1.1" 200 1208 "http://diffusion.cgu.edu.tw/wmi/webroot/index1.php?" "Mozilla/5.0 (Linux; U; Android 4.0.4; zh-cn; HTC Desire S Build/IMM76D) AppleWebKit/534.30 (KHTML, like Gecko) Version/4.0 Mobile Safari/534.30"
112.21.166.3 - - [10/Apr/2016:12:41:02 +0800] "POST /wmi/webroot/main.php HTTP/1.1" 200 961 "http://diffusion.cgu.edu.tw/wmi/webroot/index1.php?" "Mozilla/5.0 (Linux; U; Android 4.0.4; zh-cn; HTC Desire S Build/IMM76D) AppleWebKit/534.30 (KHTML, like Gecko) Version/4.0 Mobile Safari/534.30"
112.21.166.75 - - [10/Apr/2016:12:41:02 +0800] "GET /wmi/webroot/button/cn.gif HTTP/1.1" 200 678 "http://diffusion.cgu.edu.tw/wmi/webroot/index1.php?" "Mozilla/5.0 (Linux; U; Android 4.0.4; zh-cn; HTC Desire S Build/IMM76D) AppleWebKit/534.30 (KHTML, like Gecko) Version/4.0 Mobile Safari/534.30"
112.21.166.55 - - [10/Apr/2016:12:41:01 +0800] "GET /wmi/webroot/button/fr.gif HTTP/1.1" 200 158 "http://diffusion.cgu.edu.tw/wmi/webroot/index1.php?" "Mozilla/5.0 (Linux; U; Android 4.0.4; zh-cn; HTC Desire S Build/IMM76D) AppleWebKit/534.30 (KHTML, like Gecko) Version/4.0 Mobile Safari/534.30"
112.21.166.62 - - [10/Apr/2016:12:41:02 +0800] "GET /wmi/webroot/button/sr.gif HTTP/1.1" 200 227 "http://diffusion.cgu.edu.tw/wmi/webroot/index1.php?" "Mozilla/5.0 (Linux; U; Android 4.0.4; zh-cn; HTC Desire S Build/IMM76D) AppleWebKit/534.30 (KHTML, like Gecko) Version/4.0 Mobile Safari/534.30"
112.21.166.59 - - [10/Apr/2016:12:41:01 +0800] "GET /wmi/webroot/button/algebra.png HTTP/1.1" 200 4592 "http://diffusion.cgu.edu.tw/wmi/webroot/index1.php?" "Mozilla/5.0 (Linux; U; Android 4.0.4; zh-cn; HTC Desire S Build/IMM76D) AppleWebKit/534.30 (KHTML, like Gecko) Version/4.0 Mobile Safari/534.30"
112.21.166.48 - - [10/Apr/2016:12:41:03 +0800] "GET /wmi/webroot/button/binom.gif HTTP/1.1" 200 754 "http://diffusion.cgu.edu.tw/wmi/webroot/index1.php?" "Mozilla/5.0 (Linux; U; Android 4.0.4; zh-cn; HTC Desire S Build/IMM76D) AppleWebKit/534.30 (KHTML, like Gecko) Version/4.0 Mobile Safari/534.30"
112.21.166.44 - - [10/Apr/2016:12:41:01 +0800] "GET /wmi/webroot/button/es.gif HTTP/1.1" 200 693 "http://diffusion.cgu.edu.tw/wmi/webroot/index1.php?" "Mozilla/5.0 (Linux; U; Android 4.0.4; zh-cn; HTC Desire S Build/IMM76D) AppleWebKit/534.30 (KHTML, like Gecko) Version/4.0 Mobile Safari/534.30"
112.21.166.63 - - [10/Apr/2016:12:41:02 +0800] "GET /wmi/webroot/button/hu.gif HTTP/1.1" 200 174 "http://diffusion.cgu.edu.tw/wmi/webroot/index1.php?" "Mozilla/5.0 (Linux; U; Android 4.0.4; zh-cn; HTC Desire S Build/IMM76D) AppleWebKit/534.30 (KHTML, like Gecko) Version/4.0 Mobile Safari/534.30"
112.21.166.56 - - [10/Apr/2016:12:41:02 +0800] "GET /wmi/webroot/button/sqrt.gif HTTP/1.1" 200 587 "http://diffusion.cgu.edu.tw/wmi/webroot/index1.php?" "Mozilla/5.0 (Linux; U; Android 4.0.4; zh-cn; HTC Desire S Build/IMM76D) AppleWebKit/534.30 (KHTML, like Gecko) Version/4.0 Mobile Safari/534.30"
ip6-localhost - - [10/Apr/2016:12:41:04 +0800] "GET / HTTP/1.0" 200 87 "-" "Apache/2.2.3 (Unix) DAV/2 PHP/5.3.6 (internal dummy connection)"
112.21.166.50 - - [10/Apr/2016:12:41:02 +0800] "GET /wmi/webroot/button/cz.gif HTTP/1.1" 200 975 "http://diffusion.cgu.edu.tw/wmi/webroot/index1.php?" "Mozilla/5.0 (Linux; U; Android 4.0.4; zh-cn; HTC Desire S Build/IMM76D) AppleWebKit/534.30 (KHTML, like Gecko) Version/4.0 Mobile Safari/534.30"
112.21.166.41 - - [10/Apr/2016:12:41:02 +0800] "GET /wmi/webroot/button/it.gif HTTP/1.1" 200 158 "http://diffusion.cgu.edu.tw/wmi/webroot/index1.php?" "Mozilla/5.0 (Linux; U; Android 4.0.4; zh-cn; HTC Desire S Build/IMM76D) AppleWebKit/534.30 (KHTML, like Gecko) Version/4.0 Mobile Safari/534.30"
112.21.166.81 - - [10/Apr/2016:12:41:02 +0800] "GET /wmi/webroot/button/sk.gif HTTP/1.1" 200 990 "http://diffusion.cgu.edu.tw/wmi/webroot/index1.php?" "Mozilla/5.0 (Linux; U; Android 4.0.4; zh-cn; HTC Desire S Build/IMM76D) AppleWebKit/534.30 (KHTML, like Gecko) Version/4.0 Mobile Safari/534.30"
112.21.166.81 - - [10/Apr/2016:12:41:03 +0800] "GET /wmi/webroot/image/groupsign.gif HTTP/1.1" 200 343 "http://diffusion.cgu.edu.tw/wmi/webroot/index1.php?" "Mozilla/5.0 (Linux; U; Android 4.0.4; zh-cn; HTC Desire S Build/IMM76D) AppleWebKit/534.30 (KHTML, like Gecko) Version/4.0 Mobile Safari/534.30"
ip6-localhost - - [10/Apr/2016:12:41:05 +0800] "GET / HTTP/1.0" 200 87 "-" "Apache/2.2.3 (Unix) DAV/2 PHP/5.3.6 (internal dummy connection)"
112.21.166.3 - - [10/Apr/2016:12:41:04 +0800] "POST /wmi/webroot/main.php HTTP/1.1" 200 31 "http://diffusion.cgu.edu.tw/wmi/webroot/index1.php?" "Mozilla/5.0 (Linux; U; Android 4.0.4; zh-cn; HTC Desire S Build/IMM76D) AppleWebKit/534.30 (KHTML, like Gecko) Version/4.0 Mobile Safari/534.30"
112.21.166.53 - - [10/Apr/2016:12:41:04 +0800] "GET /wmi/webroot/image/normal-pres.png HTTP/1.1" 200 91947 "http://diffusion.cgu.edu.tw/wmi/webroot/index1.php?" "Mozilla/5.0 (Linux; U; Android 4.0.4; zh-cn; HTC Desire S Build/IMM76D) AppleWebKit/534.30 (KHTML, like Gecko) Version/4.0 Mobile Safari/534.30"
ip6-localhost - - [10/Apr/2016:12:41:06 +0800] "GET / HTTP/1.0" 200 87 "-" "Apache/2.2.3 (Unix) DAV/2 PHP/5.3.6 (internal dummy connection)"
112.21.166.46 - - [10/Apr/2016:12:41:06 +0800] "GET /wmi/webroot/image/base.png HTTP/1.1" 200 205 "http://diffusion.cgu.edu.tw/wmi/webroot/index1.php?" "Mozilla/5.0 (Linux; U; Android 4.0.4; zh-cn; HTC Desire S Build/IMM76D) AppleWebKit/534.30 (KHTML, like Gecko) Version/4.0 Mobile Safari/534.30"
ip6-localhost - - [10/Apr/2016:12:41:07 +0800] "GET / HTTP/1.0" 200 87 "-" "Apache/2.2.3 (Unix) DAV/2 PHP/5.3.6 (internal dummy connection)"
112.21.166.3 - - [10/Apr/2016:12:41:06 +0800] "POST /wmi/webroot/main.php HTTP/1.1" 200 37 "http://diffusion.cgu.edu.tw/wmi/webroot/index1.php?" "Mozilla/5.0 (Linux; U; Android 4.0.4; zh-cn; HTC Desire S Build/IMM76D) AppleWebKit/534.30 (KHTML, like Gecko) Version/4.0 Mobile Safari/534.30"
ip6-localhost - - [10/Apr/2016:12:41:08 +0800] "GET / HTTP/1.0" 200 87 "-" "Apache/2.2.3 (Unix) DAV/2 PHP/5.3.6 (internal dummy connection)"
112.21.166.47 - - [10/Apr/2016:12:41:08 +0800] "GET /wmi/webroot/cache/f13281-127554557987665200.png HTTP/1.1" 200 205 "http://diffusion.cgu.edu.tw/wmi/webroot/index1.php?" "Mozilla/5.0 (Linux; U; Android 4.0.4; zh-cn; HTC Desire S Build/IMM76D) AppleWebKit/534.30 (KHTML, like Gecko) Version/4.0 Mobile Safari/534.30"
112.21.166.3 - - [10/Apr/2016:12:41:08 +0800] "POST /wmi/webroot/main.php HTTP/1.1" 200 48 "http://diffusion.cgu.edu.tw/wmi/webroot/index1.php?" "Mozilla/5.0 (Linux; U; Android 4.0.4; zh-cn; HTC Desire S Build/IMM76D) AppleWebKit/534.30 (KHTML, like Gecko) Version/4.0 Mobile Safari/534.30"
ip6-localhost - - [10/Apr/2016:12:41:09 +0800] "GET / HTTP/1.0" 200 87 "-" "Apache/2.2.3 (Unix) DAV/2 PHP/5.3.6 (internal dummy connection)"
ip6-localhost - - [10/Apr/2016:12:41:10 +0800] "GET / HTTP/1.0" 200 87 "-" "Apache/2.2.3 (Unix) DAV/2 PHP/5.3.6 (internal dummy connection)"
112.21.166.47 - - [10/Apr/2016:12:44:14 +0800] "GET /wmi HTTP/1.1" 301 240 "-" "Mozilla/5.0 (Linux; U; Android 4.0.4; zh-cn; HTC Desire S Build/IMM76D) AppleWebKit/534.30 (KHTML, like Gecko) Version/4.0 Mobile Safari/534.30"
112.21.166.43 - - [10/Apr/2016:12:44:14 +0800] "GET /wmi/webroot/ HTTP/1.1" 200 605 "http://diffusion.cgu.edu.tw/wmi/" "Mozilla/5.0 (Linux; U; Android 4.0.4; zh-cn; HTC Desire S Build/IMM76D) AppleWebKit/534.30 (KHTML, like Gecko) Version/4.0 Mobile Safari/534.30"
112.21.166.55 - - [10/Apr/2016:12:44:16 +0800] "GET /wmi/webroot/index1.php? HTTP/1.1" 200 5633 "http://diffusion.cgu.edu.tw/wmi/webroot/" "Mozilla/5.0 (Linux; U; Android 4.0.4; zh-cn; HTC Desire S Build/IMM76D) AppleWebKit/534.30 (KHTML, like Gecko) Version/4.0 Mobile Safari/534.30"
112.21.166.43 - - [10/Apr/2016:12:44:16 +0800] "GET /wmi/webroot/ HTTP/1.1" 200 605 "http://diffusion.cgu.edu.tw/wmi/" "Mozilla/5.0 (Linux; U; Android 4.0.4; zh-cn; HTC Desire S Build/IMM76D) AppleWebKit/534.30 (KHTML, like Gecko) Version/4.0 Mobile Safari/534.30"
112.21.166.9 - - [10/Apr/2016:12:44:17 +0800] "POST /wmi/webroot/main.php HTTP/1.1" 200 62 "http://diffusion.cgu.edu.tw/wmi/webroot/index1.php?" "Mozilla/5.0 (Linux; U; Android 4.0.4; zh-cn; HTC Desire S Build/IMM76D) AppleWebKit/534.30 (KHTML, like Gecko) Version/4.0 Mobile Safari/534.30"
112.21.166.55 - - [10/Apr/2016:12:44:17 +0800] "GET /wmi/webroot/index1.php? HTTP/1.1" 200 5633 "http://diffusion.cgu.edu.tw/wmi/webroot/" "Mozilla/5.0 (Linux; U; Android 4.0.4; zh-cn; HTC Desire S Build/IMM76D) AppleWebKit/534.30 (KHTML, like Gecko) Version/4.0 Mobile Safari/534.30"
112.21.166.9 - - [10/Apr/2016:12:44:19 +0800] "POST /wmi/webroot/main.php HTTP/1.1" 200 62 "http://diffusion.cgu.edu.tw/wmi/webroot/index1.php?" "Mozilla/5.0 (Linux; U; Android 4.0.4; zh-cn; HTC Desire S Build/IMM76D) AppleWebKit/534.30 (KHTML, like Gecko) Version/4.0 Mobile Safari/534.30"
112.21.166.9 - - [10/Apr/2016:12:44:20 +0800] "POST /wmi/webroot/main.php HTTP/1.1" 200 45 "http://diffusion.cgu.edu.tw/wmi/webroot/index1.php?" "Mozilla/5.0 (Linux; U; Android 4.0.4; zh-cn; HTC Desire S Build/IMM76D) AppleWebKit/534.30 (KHTML, like Gecko) Version/4.0 Mobile Safari/534.30"
112.21.166.9 - - [10/Apr/2016:12:44:22 +0800] "POST /wmi/webroot/main.php HTTP/1.1" 200 767 "http://diffusion.cgu.edu.tw/wmi/webroot/index1.php?" "Mozilla/5.0 (Linux; U; Android 4.0.4; zh-cn; HTC Desire S Build/IMM76D) AppleWebKit/534.30 (KHTML, like Gecko) Version/4.0 Mobile Safari/534.30"
112.21.166.9 - - [10/Apr/2016:12:44:23 +0800] "POST /wmi/webroot/main.php HTTP/1.1" 200 505 "http://diffusion.cgu.edu.tw/wmi/webroot/index1.php?" "Mozilla/5.0 (Linux; U; Android 4.0.4; zh-cn; HTC Desire S Build/IMM76D) AppleWebKit/534.30 (KHTML, like Gecko) Version/4.0 Mobile Safari/534.30"
112.21.166.45 - - [10/Apr/2016:12:45:18 +0800] "GET /wmi/webroot/ HTTP/1.1" 200 605 "http://diffusion.cgu.edu.tw/wmi/" "Mozilla/5.0 (Linux; U; Android 4.0.4; zh-cn; HTC Desire S Build/IMM76D) AppleWebKit/534.30 (KHTML, like Gecko) Version/4.0 Mobile Safari/534.30"
112.21.166.55 - - [10/Apr/2016:12:45:20 +0800] "GET /wmi/webroot/index1.php? HTTP/1.1" 200 5633 "http://diffusion.cgu.edu.tw/wmi/webroot/" "Mozilla/5.0 (Linux; U; Android 4.0.4; zh-cn; HTC Desire S Build/IMM76D) AppleWebKit/534.30 (KHTML, like Gecko) Version/4.0 Mobile Safari/534.30"
112.21.166.13 - - [10/Apr/2016:12:45:22 +0800] "POST /wmi/webroot/main.php HTTP/1.1" 200 62 "http://diffusion.cgu.edu.tw/wmi/webroot/index1.php?" "Mozilla/5.0 (Linux; U; Android 4.0.4; zh-cn; HTC Desire S Build/IMM76D) AppleWebKit/534.30 (KHTML, like Gecko) Version/4.0 Mobile Safari/534.30"
112.21.166.13 - - [10/Apr/2016:12:45:23 +0800] "POST /wmi/webroot/main.php HTTP/1.1" 200 45 "http://diffusion.cgu.edu.tw/wmi/webroot/index1.php?" "Mozilla/5.0 (Linux; U; Android 4.0.4; zh-cn; HTC Desire S Build/IMM76D) AppleWebKit/534.30 (KHTML, like Gecko) Version/4.0 Mobile Safari/534.30"
112.21.166.13 - - [10/Apr/2016:12:45:25 +0800] "POST /wmi/webroot/main.php HTTP/1.1" 200 767 "http://diffusion.cgu.edu.tw/wmi/webroot/index1.php?" "Mozilla/5.0 (Linux; U; Android 4.0.4; zh-cn; HTC Desire S Build/IMM76D) AppleWebKit/534.30 (KHTML, like Gecko) Version/4.0 Mobile Safari/534.30"
112.21.166.13 - - [10/Apr/2016:12:45:26 +0800] "POST /wmi/webroot/main.php HTTP/1.1" 200 505 "http://diffusion.cgu.edu.tw/wmi/webroot/index1.php?" "Mozilla/5.0 (Linux; U; Android 4.0.4; zh-cn; HTC Desire S Build/IMM76D) AppleWebKit/534.30 (KHTML, like Gecko) Version/4.0 Mobile Safari/534.30"
112.21.166.13 - - [10/Apr/2016:12:45:29 +0800] "POST /wmi/webroot/main.php HTTP/1.1" 200 4574 "http://diffusion.cgu.edu.tw/wmi/webroot/index1.php?" "Mozilla/5.0 (Linux; U; Android 4.0.4; zh-cn; HTC Desire S Build/IMM76D) AppleWebKit/534.30 (KHTML, like Gecko) Version/4.0 Mobile Safari/534.30"
112.21.166.13 - - [10/Apr/2016:12:45:31 +0800] "POST /wmi/webroot/main.php HTTP/1.1" 200 961 "http://diffusion.cgu.edu.tw/wmi/webroot/index1.php?" "Mozilla/5.0 (Linux; U; Android 4.0.4; zh-cn; HTC Desire S Build/IMM76D) AppleWebKit/534.30 (KHTML, like Gecko) Version/4.0 Mobile Safari/534.30"
112.21.166.13 - - [10/Apr/2016:12:45:33 +0800] "POST /wmi/webroot/main.php HTTP/1.1" 200 31 "http://diffusion.cgu.edu.tw/wmi/webroot/index1.php?" "Mozilla/5.0 (Linux; U; Android 4.0.4; zh-cn; HTC Desire S Build/IMM76D) AppleWebKit/534.30 (KHTML, like Gecko) Version/4.0 Mobile Safari/534.30"
112.21.166.13 - - [10/Apr/2016:12:45:35 +0800] "POST /wmi/webroot/main.php HTTP/1.1" 200 37 "http://diffusion.cgu.edu.tw/wmi/webroot/index1.php?" "Mozilla/5.0 (Linux; U; Android 4.0.4; zh-cn; HTC Desire S Build/IMM76D) AppleWebKit/534.30 (KHTML, like Gecko) Version/4.0 Mobile Safari/534.30"
112.21.166.13 - - [10/Apr/2016:12:45:36 +0800] "POST /wmi/webroot/main.php HTTP/1.1" 200 48 "http://diffusion.cgu.edu.tw/wmi/webroot/index1.php?" "Mozilla/5.0 (Linux; U; Android 4.0.4; zh-cn; HTC Desire S Build/IMM76D) AppleWebKit/534.30 (KHTML, like Gecko) Version/4.0 Mobile Safari/534.30"
112.21.166.13 - - [10/Apr/2016:12:45:56 +0800] "POST /wmi/webroot/main.php HTTP/1.1" 200 37 "http://diffusion.cgu.edu.tw/wmi/webroot/index1.php?" "Mozilla/5.0 (Linux; U; Android 4.0.4; zh-cn; HTC Desire S Build/IMM76D) AppleWebKit/534.30 (KHTML, like Gecko) Version/4.0 Mobile Safari/534.30"
112.21.166.83 - - [10/Apr/2016:12:45:57 +0800] "GET /wmi/webroot/cache/f13576-128460780742502600.png HTTP/1.1" 200 308 "http://diffusion.cgu.edu.tw/wmi/webroot/index1.php?" "Mozilla/5.0 (Linux; U; Android 4.0.4; zh-cn; HTC Desire S Build/IMM76D) AppleWebKit/534.30 (KHTML, like Gecko) Version/4.0 Mobile Safari/534.30"
112.21.166.13 - - [10/Apr/2016:12:45:57 +0800] "POST /wmi/webroot/main.php HTTP/1.1" 200 37 "http://diffusion.cgu.edu.tw/wmi/webroot/index1.php?" "Mozilla/5.0 (Linux; U; Android 4.0.4; zh-cn; HTC Desire S Build/IMM76D) AppleWebKit/534.30 (KHTML, like Gecko) Version/4.0 Mobile Safari/534.30"
112.21.166.80 - - [10/Apr/2016:12:45:58 +0800] "GET /wmi/webroot/cache/f43870-132290066914675200.png HTTP/1.1" 200 432 "http://diffusion.cgu.edu.tw/wmi/webroot/index1.php?" "Mozilla/5.0 (Linux; U; Android 4.0.4; zh-cn; HTC Desire S Build/IMM76D) AppleWebKit/534.30 (KHTML, like Gecko) Version/4.0 Mobile Safari/534.30"
112.21.166.13 - - [10/Apr/2016:12:46:06 +0800] "POST /wmi/webroot/main.php HTTP/1.1" 200 37 "http://diffusion.cgu.edu.tw/wmi/webroot/index1.php?" "Mozilla/5.0 (Linux; U; Android 4.0.4; zh-cn; HTC Desire S Build/IMM76D) AppleWebKit/534.30 (KHTML, like Gecko) Version/4.0 Mobile Safari/534.30"
112.21.166.13 - - [10/Apr/2016:12:46:09 +0800] "POST /wmi/webroot/main.php HTTP/1.1" 200 37 "http://diffusion.cgu.edu.tw/wmi/webroot/index1.php?" "Mozilla/5.0 (Linux; U; Android 4.0.4; zh-cn; HTC Desire S Build/IMM76D) AppleWebKit/534.30 (KHTML, like Gecko) Version/4.0 Mobile Safari/534.30"
112.21.166.13 - - [10/Apr/2016:12:46:25 +0800] "POST /wmi/webroot/main.php HTTP/1.1" 200 16 "http://diffusion.cgu.edu.tw/wmi/webroot/index1.php?" "Mozilla/5.0 (Linux; U; Android 4.0.4; zh-cn; HTC Desire S Build/IMM76D) AppleWebKit/534.30 (KHTML, like Gecko) Version/4.0 Mobile Safari/534.30"
112.21.166.13 - - [10/Apr/2016:12:46:30 +0800] "POST /wmi/webroot/main.php HTTP/1.1" 200 37 "http://diffusion.cgu.edu.tw/wmi/webroot/index1.php?" "Mozilla/5.0 (Linux; U; Android 4.0.4; zh-cn; HTC Desire S Build/IMM76D) AppleWebKit/534.30 (KHTML, like Gecko) Version/4.0 Mobile Safari/534.30"
112.21.166.67 - - [10/Apr/2016:12:46:31 +0800] "GET /wmi/webroot/cache/f13372-127722075708771500.png HTTP/1.1" 200 207 "http://diffusion.cgu.edu.tw/wmi/webroot/index1.php?" "Mozilla/5.0 (Linux; U; Android 4.0.4; zh-cn; HTC Desire S Build/IMM76D) AppleWebKit/534.30 (KHTML, like Gecko) Version/4.0 Mobile Safari/534.30"
112.21.166.13 - - [10/Apr/2016:12:46:31 +0800] "POST /wmi/webroot/main.php HTTP/1.1" 200 37 "http://diffusion.cgu.edu.tw/wmi/webroot/index1.php?" "Mozilla/5.0 (Linux; U; Android 4.0.4; zh-cn; HTC Desire S Build/IMM76D) AppleWebKit/534.30 (KHTML, like Gecko) Version/4.0 Mobile Safari/534.30"
112.21.166.13 - - [10/Apr/2016:12:46:37 +0800] "POST /wmi/webroot/main.php HTTP/1.1" 200 37 "http://diffusion.cgu.edu.tw/wmi/webroot/index1.php?" "Mozilla/5.0 (Linux; U; Android 4.0.4; zh-cn; HTC Desire S Build/IMM76D) AppleWebKit/534.30 (KHTML, like Gecko) Version/4.0 Mobile Safari/534.30"
112.21.166.13 - - [10/Apr/2016:12:46:38 +0800] "POST /wmi/webroot/main.php HTTP/1.1" 200 37 "http://diffusion.cgu.edu.tw/wmi/webroot/index1.php?" "Mozilla/5.0 (Linux; U; Android 4.0.4; zh-cn; HTC Desire S Build/IMM76D) AppleWebKit/534.30 (KHTML, like Gecko) Version/4.0 Mobile Safari/534.30"
112.21.166.13 - - [10/Apr/2016:12:46:43 +0800] "POST /wmi/webroot/main.php HTTP/1.1" 200 37 "http://diffusion.cgu.edu.tw/wmi/webroot/index1.php?" "Mozilla/5.0 (Linux; U; Android 4.0.4; zh-cn; HTC Desire S Build/IMM76D) AppleWebKit/534.30 (KHTML, like Gecko) Version/4.0 Mobile Safari/534.30"
112.21.166.13 - - [10/Apr/2016:12:46:47 +0800] "POST /wmi/webroot/main.php HTTP/1.1" 200 37 "http://diffusion.cgu.edu.tw/wmi/webroot/index1.php?" "Mozilla/5.0 (Linux; U; Android 4.0.4; zh-cn; HTC Desire S Build/IMM76D) AppleWebKit/534.30 (KHTML, like Gecko) Version/4.0 Mobile Safari/534.30"
112.21.166.57 - - [10/Apr/2016:12:46:47 +0800] "GET /wmi/webroot/cache/f77993-146026360501128100.png HTTP/1.1" 200 455 "http://diffusion.cgu.edu.tw/wmi/webroot/index1.php?" "Mozilla/5.0 (Linux; U; Android 4.0.4; zh-cn; HTC Desire S Build/IMM76D) AppleWebKit/534.30 (KHTML, like Gecko) Version/4.0 Mobile Safari/534.30"
112.21.166.13 - - [10/Apr/2016:12:46:52 +0800] "POST /wmi/webroot/main.php HTTP/1.1" 200 16 "http://diffusion.cgu.edu.tw/wmi/webroot/index1.php?" "Mozilla/5.0 (Linux; U; Android 4.0.4; zh-cn; HTC Desire S Build/IMM76D) AppleWebKit/534.30 (KHTML, like Gecko) Version/4.0 Mobile Safari/534.30"
112.21.166.13 - - [10/Apr/2016:12:46:54 +0800] "POST /wmi/webroot/main.php HTTP/1.1" 200 16 "http://diffusion.cgu.edu.tw/wmi/webroot/index1.php?" "Mozilla/5.0 (Linux; U; Android 4.0.4; zh-cn; HTC Desire S Build/IMM76D) AppleWebKit/534.30 (KHTML, like Gecko) Version/4.0 Mobile Safari/534.30"
112.21.166.13 - - [10/Apr/2016:12:46:55 +0800] "POST /wmi/webroot/main.php HTTP/1.1" 200 16 "http://diffusion.cgu.edu.tw/wmi/webroot/index1.php?" "Mozilla/5.0 (Linux; U; Android 4.0.4; zh-cn; HTC Desire S Build/IMM76D) AppleWebKit/534.30 (KHTML, like Gecko) Version/4.0 Mobile Safari/534.30"
112.21.166.13 - - [10/Apr/2016:12:46:59 +0800] "POST /wmi/webroot/main.php HTTP/1.1" 200 16 "http://diffusion.cgu.edu.tw/wmi/webroot/index1.php?" "Mozilla/5.0 (Linux; U; Android 4.0.4; zh-cn; HTC Desire S Build/IMM76D) AppleWebKit/534.30 (KHTML, like Gecko) Version/4.0 Mobile Safari/534.30"
112.21.166.13 - - [10/Apr/2016:12:47:01 +0800] "POST /wmi/webroot/main.php HTTP/1.1" 200 16 "http://diffusion.cgu.edu.tw/wmi/webroot/index1.php?" "Mozilla/5.0 (Linux; U; Android 4.0.4; zh-cn; HTC Desire S Build/IMM76D) AppleWebKit/534.30 (KHTML, like Gecko) Version/4.0 Mobile Safari/534.30"
112.21.166.13 - - [10/Apr/2016:12:47:05 +0800] "POST /wmi/webroot/main.php HTTP/1.1" 200 16 "http://diffusion.cgu.edu.tw/wmi/webroot/index1.php?" "Mozilla/5.0 (Linux; U; Android 4.0.4; zh-cn; HTC Desire S Build/IMM76D) AppleWebKit/534.30 (KHTML, like Gecko) Version/4.0 Mobile Safari/534.30"
112.21.166.45 - - [10/Apr/2016:12:47:11 +0800] "GET /wmi/webroot/ HTTP/1.1" 200 605 "http://diffusion.cgu.edu.tw/wmi/" "Mozilla/5.0 (Linux; U; Android 4.0.4; zh-cn; HTC Desire S Build/IMM76D) AppleWebKit/534.30 (KHTML, like Gecko) Version/4.0 Mobile Safari/534.30"
112.21.166.55 - - [10/Apr/2016:12:47:12 +0800] "GET /wmi/webroot/index1.php? HTTP/1.1" 200 5633 "http://diffusion.cgu.edu.tw/wmi/webroot/" "Mozilla/5.0 (Linux; U; Android 4.0.4; zh-cn; HTC Desire S Build/IMM76D) AppleWebKit/534.30 (KHTML, like Gecko) Version/4.0 Mobile Safari/534.30"
112.21.166.13 - - [10/Apr/2016:12:47:14 +0800] "POST /wmi/webroot/main.php HTTP/1.1" 200 62 "http://diffusion.cgu.edu.tw/wmi/webroot/index1.php?" "Mozilla/5.0 (Linux; U; Android 4.0.4; zh-cn; HTC Desire S Build/IMM76D) AppleWebKit/534.30 (KHTML, like Gecko) Version/4.0 Mobile Safari/534.30"
112.21.166.13 - - [10/Apr/2016:12:47:15 +0800] "POST /wmi/webroot/main.php HTTP/1.1" 200 45 "http://diffusion.cgu.edu.tw/wmi/webroot/index1.php?" "Mozilla/5.0 (Linux; U; Android 4.0.4; zh-cn; HTC Desire S Build/IMM76D) AppleWebKit/534.30 (KHTML, like Gecko) Version/4.0 Mobile Safari/534.30"
112.21.166.13 - - [10/Apr/2016:12:47:16 +0800] "POST /wmi/webroot/main.php HTTP/1.1" 200 767 "http://diffusion.cgu.edu.tw/wmi/webroot/index1.php?" "Mozilla/5.0 (Linux; U; Android 4.0.4; zh-cn; HTC Desire S Build/IMM76D) AppleWebKit/534.30 (KHTML, like Gecko) Version/4.0 Mobile Safari/534.30"
112.21.166.13 - - [10/Apr/2016:12:47:18 +0800] "POST /wmi/webroot/main.php HTTP/1.1" 200 505 "http://diffusion.cgu.edu.tw/wmi/webroot/index1.php?" "Mozilla/5.0 (Linux; U; Android 4.0.4; zh-cn; HTC Desire S Build/IMM76D) AppleWebKit/534.30 (KHTML, like Gecko) Version/4.0 Mobile Safari/534.30"
112.21.166.13 - - [10/Apr/2016:12:47:21 +0800] "POST /wmi/webroot/main.php HTTP/1.1" 200 4574 "http://diffusion.cgu.edu.tw/wmi/webroot/index1.php?" "Mozilla/5.0 (Linux; U; Android 4.0.4; zh-cn; HTC Desire S Build/IMM76D) AppleWebKit/534.30 (KHTML, like Gecko) Version/4.0 Mobile Safari/534.30"
112.21.166.13 - - [10/Apr/2016:12:47:22 +0800] "POST /wmi/webroot/main.php HTTP/1.1" 200 961 "http://diffusion.cgu.edu.tw/wmi/webroot/index1.php?" "Mozilla/5.0 (Linux; U; Android 4.0.4; zh-cn; HTC Desire S Build/IMM76D) AppleWebKit/534.30 (KHTML, like Gecko) Version/4.0 Mobile Safari/534.30"
112.21.166.13 - - [10/Apr/2016:12:47:24 +0800] "POST /wmi/webroot/main.php HTTP/1.1" 200 31 "http://diffusion.cgu.edu.tw/wmi/webroot/index1.php?" "Mozilla/5.0 (Linux; U; Android 4.0.4; zh-cn; HTC Desire S Build/IMM76D) AppleWebKit/534.30 (KHTML, like Gecko) Version/4.0 Mobile Safari/534.30"
112.21.166.43 - - [10/Apr/2016:12:47:26 +0800] "GET /wmi/webroot/ HTTP/1.1" 200 605 "http://diffusion.cgu.edu.tw/wmi/" "Mozilla/5.0 (Linux; U; Android 4.0.4; zh-cn; HTC Desire S Build/IMM76D) AppleWebKit/534.30 (KHTML, like Gecko) Version/4.0 Mobile Safari/534.30"
112.21.166.13 - - [10/Apr/2016:12:47:26 +0800] "POST /wmi/webroot/main.php HTTP/1.1" 200 37 "http://diffusion.cgu.edu.tw/wmi/webroot/index1.php?" "Mozilla/5.0 (Linux; U; Android 4.0.4; zh-cn; HTC Desire S Build/IMM76D) AppleWebKit/534.30 (KHTML, like Gecko) Version/4.0 Mobile Safari/534.30"
112.21.166.42 - - [10/Apr/2016:12:47:27 +0800] "GET /wmi/webroot/index1.php? HTTP/1.1" 200 5633 "http://diffusion.cgu.edu.tw/wmi/webroot/" "Mozilla/5.0 (Linux; U; Android 4.0.4; zh-cn; HTC Desire S Build/IMM76D) AppleWebKit/534.30 (KHTML, like Gecko) Version/4.0 Mobile Safari/534.30"
112.21.166.13 - - [10/Apr/2016:12:47:28 +0800] "POST /wmi/webroot/main.php HTTP/1.1" 200 48 "http://diffusion.cgu.edu.tw/wmi/webroot/index1.php?" "Mozilla/5.0 (Linux; U; Android 4.0.4; zh-cn; HTC Desire S Build/IMM76D) AppleWebKit/534.30 (KHTML, like Gecko) Version/4.0 Mobile Safari/534.30"
112.21.166.19 - - [10/Apr/2016:12:47:29 +0800] "POST /wmi/webroot/main.php HTTP/1.1" 200 62 "http://diffusion.cgu.edu.tw/wmi/webroot/index1.php?" "Mozilla/5.0 (Linux; U; Android 4.0.4; zh-cn; HTC Desire S Build/IMM76D) AppleWebKit/534.30 (KHTML, like Gecko) Version/4.0 Mobile Safari/534.30"
112.21.166.19 - - [10/Apr/2016:12:47:30 +0800] "POST /wmi/webroot/main.php HTTP/1.1" 200 45 "http://diffusion.cgu.edu.tw/wmi/webroot/index1.php?" "Mozilla/5.0 (Linux; U; Android 4.0.4; zh-cn; HTC Desire S Build/IMM76D) AppleWebKit/534.30 (KHTML, like Gecko) Version/4.0 Mobile Safari/534.30"
112.21.166.19 - - [10/Apr/2016:12:47:31 +0800] "POST /wmi/webroot/main.php HTTP/1.1" 200 767 "http://diffusion.cgu.edu.tw/wmi/webroot/index1.php?" "Mozilla/5.0 (Linux; U; Android 4.0.4; zh-cn; HTC Desire S Build/IMM76D) AppleWebKit/534.30 (KHTML, like Gecko) Version/4.0 Mobile Safari/534.30"
112.21.166.19 - - [10/Apr/2016:12:47:34 +0800] "POST /wmi/webroot/main.php HTTP/1.1" 200 505 "http://diffusion.cgu.edu.tw/wmi/webroot/index1.php?" "Mozilla/5.0 (Linux; U; Android 4.0.4; zh-cn; HTC Desire S Build/IMM76D) AppleWebKit/534.30 (KHTML, like Gecko) Version/4.0 Mobile Safari/534.30"
112.21.166.19 - - [10/Apr/2016:12:47:35 +0800] "POST /wmi/webroot/main.php HTTP/1.1" 200 4574 "http://diffusion.cgu.edu.tw/wmi/webroot/index1.php?" "Mozilla/5.0 (Linux; U; Android 4.0.4; zh-cn; HTC Desire S Build/IMM76D) AppleWebKit/534.30 (KHTML, like Gecko) Version/4.0 Mobile Safari/534.30"
112.21.166.19 - - [10/Apr/2016:12:47:37 +0800] "POST /wmi/webroot/main.php HTTP/1.1" 200 961 "http://diffusion.cgu.edu.tw/wmi/webroot/index1.php?" "Mozilla/5.0 (Linux; U; Android 4.0.4; zh-cn; HTC Desire S Build/IMM76D) AppleWebKit/534.30 (KHTML, like Gecko) Version/4.0 Mobile Safari/534.30"
112.21.166.19 - - [10/Apr/2016:12:47:38 +0800] "POST /wmi/webroot/main.php HTTP/1.1" 200 31 "http://diffusion.cgu.edu.tw/wmi/webroot/index1.php?" "Mozilla/5.0 (Linux; U; Android 4.0.4; zh-cn; HTC Desire S Build/IMM76D) AppleWebKit/534.30 (KHTML, like Gecko) Version/4.0 Mobile Safari/534.30"
112.21.166.19 - - [10/Apr/2016:12:47:40 +0800] "POST /wmi/webroot/main.php HTTP/1.1" 200 37 "http://diffusion.cgu.edu.tw/wmi/webroot/index1.php?" "Mozilla/5.0 (Linux; U; Android 4.0.4; zh-cn; HTC Desire S Build/IMM76D) AppleWebKit/534.30 (KHTML, like Gecko) Version/4.0 Mobile Safari/534.30"
112.21.166.19 - - [10/Apr/2016:12:47:41 +0800] "POST /wmi/webroot/main.php HTTP/1.1" 200 48 "http://diffusion.cgu.edu.tw/wmi/webroot/index1.php?" "Mozilla/5.0 (Linux; U; Android 4.0.4; zh-cn; HTC Desire S Build/IMM76D) AppleWebKit/534.30 (KHTML, like Gecko) Version/4.0 Mobile Safari/534.30"
112.21.166.43 - - [10/Apr/2016:12:47:57 +0800] "GET /wmi/webroot/ HTTP/1.1" 200 605 "http://diffusion.cgu.edu.tw/wmi/" "Mozilla/5.0 (Linux; U; Android 4.0.4; zh-cn; HTC Desire S Build/IMM76D) AppleWebKit/534.30 (KHTML, like Gecko) Version/4.0 Mobile Safari/534.30"
112.21.166.42 - - [10/Apr/2016:12:48:00 +0800] "GET /wmi/webroot/index1.php? HTTP/1.1" 200 5633 "http://diffusion.cgu.edu.tw/wmi/webroot/" "Mozilla/5.0 (Linux; U; Android 4.0.4; zh-cn; HTC Desire S Build/IMM76D) AppleWebKit/534.30 (KHTML, like Gecko) Version/4.0 Mobile Safari/534.30"
112.21.166.19 - - [10/Apr/2016:12:48:02 +0800] "POST /wmi/webroot/main.php HTTP/1.1" 200 62 "http://diffusion.cgu.edu.tw/wmi/webroot/index1.php?" "Mozilla/5.0 (Linux; U; Android 4.0.4; zh-cn; HTC Desire S Build/IMM76D) AppleWebKit/534.30 (KHTML, like Gecko) Version/4.0 Mobile Safari/534.30"
112.21.166.19 - - [10/Apr/2016:12:48:04 +0800] "POST /wmi/webroot/main.php HTTP/1.1" 200 45 "http://diffusion.cgu.edu.tw/wmi/webroot/index1.php?" "Mozilla/5.0 (Linux; U; Android 4.0.4; zh-cn; HTC Desire S Build/IMM76D) AppleWebKit/534.30 (KHTML, like Gecko) Version/4.0 Mobile Safari/534.30"
112.21.166.19 - - [10/Apr/2016:12:48:06 +0800] "POST /wmi/webroot/main.php HTTP/1.1" 200 767 "http://diffusion.cgu.edu.tw/wmi/webroot/index1.php?" "Mozilla/5.0 (Linux; U; Android 4.0.4; zh-cn; HTC Desire S Build/IMM76D) AppleWebKit/534.30 (KHTML, like Gecko) Version/4.0 Mobile Safari/534.30"
112.21.166.19 - - [10/Apr/2016:12:48:07 +0800] "POST /wmi/webroot/main.php HTTP/1.1" 200 505 "http://diffusion.cgu.edu.tw/wmi/webroot/index1.php?" "Mozilla/5.0 (Linux; U; Android 4.0.4; zh-cn; HTC Desire S Build/IMM76D) AppleWebKit/534.30 (KHTML, like Gecko) Version/4.0 Mobile Safari/534.30"
112.21.166.19 - - [10/Apr/2016:12:48:08 +0800] "POST /wmi/webroot/main.php HTTP/1.1" 200 4574 "http://diffusion.cgu.edu.tw/wmi/webroot/index1.php?" "Mozilla/5.0 (Linux; U; Android 4.0.4; zh-cn; HTC Desire S Build/IMM76D) AppleWebKit/534.30 (KHTML, like Gecko) Version/4.0 Mobile Safari/534.30"
112.21.166.19 - - [10/Apr/2016:12:48:09 +0800] "POST /wmi/webroot/main.php HTTP/1.1" 200 961 "http://diffusion.cgu.edu.tw/wmi/webroot/index1.php?" "Mozilla/5.0 (Linux; U; Android 4.0.4; zh-cn; HTC Desire S Build/IMM76D) AppleWebKit/534.30 (KHTML, like Gecko) Version/4.0 Mobile Safari/534.30"
112.21.166.19 - - [10/Apr/2016:12:48:10 +0800] "POST /wmi/webroot/main.php HTTP/1.1" 200 31 "http://diffusion.cgu.edu.tw/wmi/webroot/index1.php?" "Mozilla/5.0 (Linux; U; Android 4.0.4; zh-cn; HTC Desire S Build/IMM76D) AppleWebKit/534.30 (KHTML, like Gecko) Version/4.0 Mobile Safari/534.30"
